#! /usr/bin/vvp
:ivl_version "12.0 (stable)";
:ivl_delay_selection "TYPICAL";
:vpi_time_precision - 12;
:vpi_module "/usr/lib/x86_64-linux-gnu/ivl/system.vpi";
:vpi_module "/usr/lib/x86_64-linux-gnu/ivl/vhdl_sys.vpi";
:vpi_module "/usr/lib/x86_64-linux-gnu/ivl/vhdl_textio.vpi";
:vpi_module "/usr/lib/x86_64-linux-gnu/ivl/v2005_math.vpi";
:vpi_module "/usr/lib/x86_64-linux-gnu/ivl/va_math.vpi";
S_0x650131e90520 .scope module, "mux_4to1_tb" "mux_4to1_tb" 2 20;
 .timescale -12 -12;
v0x650131eaac10_0 .var "S0", 0 0;
v0x650131eaacd0_0 .var "S1", 0 0;
v0x650131eaada0_0 .var "a", 0 0;
v0x650131eaaea0_0 .var "b", 0 0;
v0x650131eaaf70_0 .var "c", 0 0;
v0x650131eab010_0 .var "d", 0 0;
v0x650131eab0e0_0 .var/i "i", 31 0;
v0x650131eab180_0 .net "y", 0 0, L_0x650131eabd80;  1 drivers
S_0x650131e906b0 .scope module, "dut" "mux_4to1" 2 34, 2 1 0, S_0x650131e90520;
 .timescale 0 0;
    .port_info 0 /INPUT 1 "a";
    .port_info 1 /INPUT 1 "b";
    .port_info 2 /INPUT 1 "c";
    .port_info 3 /INPUT 1 "d";
    .port_info 4 /INPUT 1 "S0";
    .port_info 5 /INPUT 1 "S1";
    .port_info 6 /OUTPUT 1 "y";
L_0x650131eab250 .functor NOT 1, v0x650131eaacd0_0, C4<0>, C4<0>, C4<0>;
L_0x650131eab340 .functor NOT 1, v0x650131eaac10_0, C4<0>, C4<0>, C4<0>;
L_0x650131eab400 .functor AND 1, L_0x650131eab250, L_0x650131eab340, C4<1>, C4<1>;
L_0x650131eab510 .functor AND 1, L_0x650131eab400, v0x650131eaada0_0, C4<1>, C4<1>;
L_0x650131eab650 .functor NOT 1, v0x650131eaacd0_0, C4<0>, C4<0>, C4<0>;
L_0x650131eab6c0 .functor AND 1, L_0x650131eab650, v0x650131eaac10_0, C4<1>, C4<1>;
L_0x650131eab7c0 .functor AND 1, L_0x650131eab6c0, v0x650131eaaea0_0, C4<1>, C4<1>;
L_0x650131eab8d0 .functor OR 1, L_0x650131eab510, L_0x650131eab7c0, C4<0>, C4<0>;
L_0x650131eaba30 .functor NOT 1, v0x650131eaac10_0, C4<0>, C4<0>, C4<0>;
L_0x650131eabaa0 .functor AND 1, v0x650131eaacd0_0, L_0x650131eaba30, C4<1>, C4<1>;
L_0x650131eabc00 .functor AND 1, L_0x650131eabaa0, v0x650131eaaf70_0, C4<1>, C4<1>;
L_0x650131eabc70 .functor OR 1, L_0x650131eab8d0, L_0x650131eabc00, C4<0>, C4<0>;
L_0x650131eabdf0 .functor AND 1, v0x650131eaacd0_0, v0x650131eaac10_0, C4<1>, C4<1>;
L_0x650131eabe60 .functor AND 1, L_0x650131eabdf0, v0x650131eab010_0, C4<1>, C4<1>;
L_0x650131eabd80 .functor OR 1, L_0x650131eabc70, L_0x650131eabe60, C4<0>, C4<0>;
v0x650131e56490_0 .net "S0", 0 0, v0x650131eaac10_0;  1 drivers
v0x650131ea9a40_0 .net "S1", 0 0, v0x650131eaacd0_0;  1 drivers
v0x650131ea9b00_0 .net *"_ivl_0", 0 0, L_0x650131eab250;  1 drivers
v0x650131ea9bc0_0 .net *"_ivl_10", 0 0, L_0x650131eab6c0;  1 drivers
v0x650131ea9ca0_0 .net *"_ivl_12", 0 0, L_0x650131eab7c0;  1 drivers
v0x650131ea9dd0_0 .net *"_ivl_14", 0 0, L_0x650131eab8d0;  1 drivers
v0x650131ea9eb0_0 .net *"_ivl_16", 0 0, L_0x650131eaba30;  1 drivers
v0x650131ea9f90_0 .net *"_ivl_18", 0 0, L_0x650131eabaa0;  1 drivers
v0x650131eaa070_0 .net *"_ivl_2", 0 0, L_0x650131eab340;  1 drivers
v0x650131eaa150_0 .net *"_ivl_20", 0 0, L_0x650131eabc00;  1 drivers
v0x650131eaa230_0 .net *"_ivl_22", 0 0, L_0x650131eabc70;  1 drivers
v0x650131eaa310_0 .net *"_ivl_24", 0 0, L_0x650131eabdf0;  1 drivers
v0x650131eaa3f0_0 .net *"_ivl_26", 0 0, L_0x650131eabe60;  1 drivers
v0x650131eaa4d0_0 .net *"_ivl_4", 0 0, L_0x650131eab400;  1 drivers
v0x650131eaa5b0_0 .net *"_ivl_6", 0 0, L_0x650131eab510;  1 drivers
v0x650131eaa690_0 .net *"_ivl_8", 0 0, L_0x650131eab650;  1 drivers
v0x650131eaa770_0 .net "a", 0 0, v0x650131eaada0_0;  1 drivers
v0x650131eaa830_0 .net "b", 0 0, v0x650131eaaea0_0;  1 drivers
v0x650131eaa8f0_0 .net "c", 0 0, v0x650131eaaf70_0;  1 drivers
v0x650131eaa9b0_0 .net "d", 0 0, v0x650131eab010_0;  1 drivers
v0x650131eaaa70_0 .net "y", 0 0, L_0x650131eabd80;  alias, 1 drivers
    .scope S_0x650131e90520;
T_0 ;
    %vpi_call 2 48 "$dumpfile", "4to1mux.vcd" {0 0 0};
    %vpi_call 2 49 "$dumpvars", 32'sb00000000000000000000000000000000, S_0x650131e90520 {0 0 0};
    %vpi_call 2 50 "$display", "Time\011 S1 S0 a b c d | y" {0 0 0};
    %vpi_call 2 51 "$display", "-------------------" {0 0 0};
    %vpi_call 2 52 "$monitor", "%0t\011  %b  %b %b %b %b %b | %b", $time, v0x650131eaacd0_0, v0x650131eaac10_0, v0x650131eaada0_0, v0x650131eaaea0_0, v0x650131eaaf70_0, v0x650131eab010_0, v0x650131eab180_0 {0 0 0};
    %pushi/vec4 0, 0, 32;
    %store/vec4 v0x650131eab0e0_0, 0, 32;
T_0.0 ;
    %load/vec4 v0x650131eab0e0_0;
    %cmpi/s 64, 0, 32;
    %jmp/0xz T_0.1, 5;
    %load/vec4 v0x650131eab0e0_0;
    %pad/s 6;
    %split/vec4 1;
    %store/vec4 v0x650131eab010_0, 0, 1;
    %split/vec4 1;
    %store/vec4 v0x650131eaaf70_0, 0, 1;
    %split/vec4 1;
    %store/vec4 v0x650131eaaea0_0, 0, 1;
    %split/vec4 1;
    %store/vec4 v0x650131eaada0_0, 0, 1;
    %split/vec4 1;
    %store/vec4 v0x650131eaac10_0, 0, 1;
    %store/vec4 v0x650131eaacd0_0, 0, 1;
    %delay 10, 0;
    %load/vec4 v0x650131eab0e0_0;
    %addi 1, 0, 32;
    %store/vec4 v0x650131eab0e0_0, 0, 32;
    %jmp T_0.0;
T_0.1 ;
    %vpi_call 2 60 "$display", "-------------------" {0 0 0};
    %vpi_call 2 61 "$display", "Test completed." {0 0 0};
    %vpi_call 2 62 "$finish" {0 0 0};
    %end;
    .thread T_0;
# The file index is used to find the file name in the following table.
:file_names 3;
    "N/A";
    "<interactive>";
    "4to1mux.v";
