#! /usr/bin/vvp
:ivl_version "12.0 (stable)";
:ivl_delay_selection "TYPICAL";
:vpi_time_precision - 12;
:vpi_module "/usr/lib/x86_64-linux-gnu/ivl/system.vpi";
:vpi_module "/usr/lib/x86_64-linux-gnu/ivl/vhdl_sys.vpi";
:vpi_module "/usr/lib/x86_64-linux-gnu/ivl/vhdl_textio.vpi";
:vpi_module "/usr/lib/x86_64-linux-gnu/ivl/v2005_math.vpi";
:vpi_module "/usr/lib/x86_64-linux-gnu/ivl/va_math.vpi";
S_0x63fc04030490 .scope module, "mux2to1_tb" "mux2to1_tb" 2 15;
 .timescale -9 -12;
v0x63fc0407ea30_0 .var "a", 0 0;
v0x63fc0407eaf0_0 .var "b", 0 0;
v0x63fc0407ebc0_0 .var/i "i", 31 0;
v0x63fc0407ec90_0 .var "sel", 0 0;
v0x63fc0407ed60_0 .net "y", 0 0, L_0x63fc0407f110;  1 drivers
S_0x63fc04030620 .scope module, "dut" "mux_2to1" 2 26, 2 1 0, S_0x63fc04030490;
 .timescale 0 0;
    .port_info 0 /INPUT 1 "a";
    .port_info 1 /INPUT 1 "b";
    .port_info 2 /INPUT 1 "sel";
    .port_info 3 /OUTPUT 1 "y";
L_0x63fc0407ee50 .functor NOT 1, v0x63fc0407ec90_0, C4<0>, C4<0>, C4<0>;
L_0x63fc0407ef40 .functor AND 1, v0x63fc0407ea30_0, L_0x63fc0407ee50, C4<1>, C4<1>;
L_0x63fc0407f050 .functor AND 1, v0x63fc0407eaf0_0, v0x63fc0407ec90_0, C4<1>, C4<1>;
L_0x63fc0407f110 .functor OR 1, L_0x63fc0407ef40, L_0x63fc0407f050, C4<0>, C4<0>;
v0x63fc04030870_0 .net *"_ivl_0", 0 0, L_0x63fc0407ee50;  1 drivers
v0x63fc0407e490_0 .net *"_ivl_2", 0 0, L_0x63fc0407ef40;  1 drivers
v0x63fc0407e570_0 .net *"_ivl_4", 0 0, L_0x63fc0407f050;  1 drivers
v0x63fc0407e660_0 .net "a", 0 0, v0x63fc0407ea30_0;  1 drivers
v0x63fc0407e720_0 .net "b", 0 0, v0x63fc0407eaf0_0;  1 drivers
v0x63fc0407e830_0 .net "sel", 0 0, v0x63fc0407ec90_0;  1 drivers
v0x63fc0407e8f0_0 .net "y", 0 0, L_0x63fc0407f110;  alias, 1 drivers
    .scope S_0x63fc04030490;
T_0 ;
    %vpi_call 2 37 "$dumpfile", "2to1mux.vcd" {0 0 0};
    %vpi_call 2 38 "$dumpvars", 32'sb00000000000000000000000000000000, S_0x63fc04030490 {0 0 0};
    %vpi_call 2 39 "$display", "Time\011 sel a b | y" {0 0 0};
    %vpi_call 2 40 "$display", "-------------------" {0 0 0};
    %vpi_call 2 41 "$monitor", "%0t\011  %b  %b %b | %b", $time, v0x63fc0407ec90_0, v0x63fc0407ea30_0, v0x63fc0407eaf0_0, v0x63fc0407ed60_0 {0 0 0};
    %pushi/vec4 0, 0, 32;
    %store/vec4 v0x63fc0407ebc0_0, 0, 32;
T_0.0 ;
    %load/vec4 v0x63fc0407ebc0_0;
    %cmpi/s 8, 0, 32;
    %jmp/0xz T_0.1, 5;
    %load/vec4 v0x63fc0407ebc0_0;
    %pad/s 3;
    %split/vec4 1;
    %store/vec4 v0x63fc0407eaf0_0, 0, 1;
    %split/vec4 1;
    %store/vec4 v0x63fc0407ea30_0, 0, 1;
    %store/vec4 v0x63fc0407ec90_0, 0, 1;
    %delay 10000, 0;
    %load/vec4 v0x63fc0407ebc0_0;
    %addi 1, 0, 32;
    %store/vec4 v0x63fc0407ebc0_0, 0, 32;
    %jmp T_0.0;
T_0.1 ;
    %vpi_call 2 49 "$display", "-------------------" {0 0 0};
    %vpi_call 2 50 "$display", "Test completed." {0 0 0};
    %vpi_call 2 51 "$finish" {0 0 0};
    %end;
    .thread T_0;
# The file index is used to find the file name in the following table.
:file_names 3;
    "N/A";
    "<interactive>";
    "2to1mux.v";
