#! /usr/bin/vvp
:ivl_version "12.0 (stable)";
:ivl_delay_selection "TYPICAL";
:vpi_time_precision + 0;
:vpi_module "/usr/lib/x86_64-linux-gnu/ivl/system.vpi";
:vpi_module "/usr/lib/x86_64-linux-gnu/ivl/vhdl_sys.vpi";
:vpi_module "/usr/lib/x86_64-linux-gnu/ivl/vhdl_textio.vpi";
:vpi_module "/usr/lib/x86_64-linux-gnu/ivl/v2005_math.vpi";
:vpi_module "/usr/lib/x86_64-linux-gnu/ivl/va_math.vpi";
S_0x61b70f8c6230 .scope module, "tb_not_gate" "tb_not_gate" 2 13;
 .timescale 0 0;
v0x61b70f8d6c90_0 .var "A", 0 0;
v0x61b70f8d6d30_0 .net "Y", 0 0, L_0x61b70f8d6e00;  1 drivers
S_0x61b70f8c63c0 .scope module, "uut" "not_gate" 2 16, 2 1 0, S_0x61b70f8c6230;
 .timescale 0 0;
    .port_info 0 /INPUT 1 "A";
    .port_info 1 /OUTPUT 1 "Y";
L_0x61b70f8d6e00 .functor NOT 1, v0x61b70f8d6c90_0, C4<0>, C4<0>, C4<0>;
v0x61b70f8c65a0_0 .net "A", 0 0, v0x61b70f8d6c90_0;  1 drivers
v0x61b70f8d6b70_0 .net "Y", 0 0, L_0x61b70f8d6e00;  alias, 1 drivers
    .scope S_0x61b70f8c6230;
T_0 ;
    %vpi_call 2 23 "$dumpfile", "not.vcd" {0 0 0};
    %vpi_call 2 24 "$dumpvars", 32'sb00000000000000000000000000000000, S_0x61b70f8c6230 {0 0 0};
    %pushi/vec4 0, 0, 1;
    %store/vec4 v0x61b70f8d6c90_0, 0, 1;
    %delay 10, 0;
    %pushi/vec4 1, 0, 1;
    %store/vec4 v0x61b70f8d6c90_0, 0, 1;
    %delay 10, 0;
    %pushi/vec4 0, 0, 1;
    %store/vec4 v0x61b70f8d6c90_0, 0, 1;
    %delay 10, 0;
    %pushi/vec4 0, 0, 1;
    %store/vec4 v0x61b70f8d6c90_0, 0, 1;
    %delay 10, 0;
    %pushi/vec4 1, 0, 1;
    %store/vec4 v0x61b70f8d6c90_0, 0, 1;
    %delay 10, 0;
    %pushi/vec4 1, 0, 1;
    %store/vec4 v0x61b70f8d6c90_0, 0, 1;
    %delay 10, 0;
    %pushi/vec4 0, 0, 1;
    %store/vec4 v0x61b70f8d6c90_0, 0, 1;
    %delay 10, 0;
    %vpi_call 2 33 "$finish" {0 0 0};
    %end;
    .thread T_0;
# The file index is used to find the file name in the following table.
:file_names 3;
    "N/A";
    "<interactive>";
    "not.v";
