#! /usr/bin/vvp
:ivl_version "12.0 (stable)";
:ivl_delay_selection "TYPICAL";
:vpi_time_precision + 0;
:vpi_module "/usr/lib/x86_64-linux-gnu/ivl/system.vpi";
:vpi_module "/usr/lib/x86_64-linux-gnu/ivl/vhdl_sys.vpi";
:vpi_module "/usr/lib/x86_64-linux-gnu/ivl/vhdl_textio.vpi";
:vpi_module "/usr/lib/x86_64-linux-gnu/ivl/v2005_math.vpi";
:vpi_module "/usr/lib/x86_64-linux-gnu/ivl/va_math.vpi";
S_0x56f908990770 .scope module, "tb_and_gate" "tb_and_gate" 2 13;
 .timescale 0 0;
v0x56f9089a2550_0 .var "A", 0 0;
v0x56f9089a2610_0 .var "B", 0 0;
v0x56f9089a26e0_0 .net "W", 0 0, L_0x56f9089a2a10;  1 drivers
v0x56f9089a27e0_0 .net "Y", 0 0, L_0x56f9089a28b0;  1 drivers
S_0x56f908990900 .scope module, "uut" "and_gate" 2 18, 2 1 0, S_0x56f908990770;
 .timescale 0 0;
    .port_info 0 /INPUT 1 "A";
    .port_info 1 /INPUT 1 "B";
    .port_info 2 /OUTPUT 1 "Y";
    .port_info 3 /OUTPUT 1 "W";
L_0x56f9089a28b0 .functor AND 1, v0x56f9089a2550_0, v0x56f9089a2610_0, C4<1>, C4<1>;
L_0x56f9089a2a10 .functor AND 1, v0x56f9089a2550_0, v0x56f9089a2610_0, C4<1>, C4<1>;
v0x56f908990b50_0 .net "A", 0 0, v0x56f9089a2550_0;  1 drivers
v0x56f9089a2250_0 .net "B", 0 0, v0x56f9089a2610_0;  1 drivers
v0x56f9089a2310_0 .net "W", 0 0, L_0x56f9089a2a10;  alias, 1 drivers
v0x56f9089a23e0_0 .net "Y", 0 0, L_0x56f9089a28b0;  alias, 1 drivers
    .scope S_0x56f908990770;
T_0 ;
    %vpi_call 2 22 "$dumpfile", "and.vcd" {0 0 0};
    %vpi_call 2 23 "$dumpvars", 32'sb00000000000000000000000000000000, S_0x56f908990770 {0 0 0};
    %pushi/vec4 0, 0, 1;
    %store/vec4 v0x56f9089a2550_0, 0, 1;
    %pushi/vec4 0, 0, 1;
    %store/vec4 v0x56f9089a2610_0, 0, 1;
    %delay 10, 0;
    %pushi/vec4 0, 0, 1;
    %store/vec4 v0x56f9089a2550_0, 0, 1;
    %pushi/vec4 1, 0, 1;
    %store/vec4 v0x56f9089a2610_0, 0, 1;
    %delay 10, 0;
    %pushi/vec4 1, 0, 1;
    %store/vec4 v0x56f9089a2550_0, 0, 1;
    %pushi/vec4 0, 0, 1;
    %store/vec4 v0x56f9089a2610_0, 0, 1;
    %delay 10, 0;
    %pushi/vec4 1, 0, 1;
    %store/vec4 v0x56f9089a2550_0, 0, 1;
    %pushi/vec4 1, 0, 1;
    %store/vec4 v0x56f9089a2610_0, 0, 1;
    %delay 10, 0;
    %vpi_call 2 41 "$finish" {0 0 0};
    %end;
    .thread T_0;
# The file index is used to find the file name in the following table.
:file_names 3;
    "N/A";
    "<interactive>";
    "and.v";
